10.000	18.713
111.000	18.713
212.000	18.712
313.000	18.772
414.000	23.172
515.000	24.691
615.000	25.309
716.000	25.330
817.000	25.318
918.000	25.309
1019.000	25.300
1120.000	25.293
1221.000	24.813
1322.000	12.126
1423.000	2.570
1524.000	3.221
1625.000	3.119
1725.000	3.100
1826.000	3.086
1927.000	3.686
2028.000	14.450
2129.000	17.023
2230.000	17.112
2331.000	17.989
2432.000	18.304
2533.000	19.220
2634.000	19.145
2735.000	19.106
2835.000	19.093
2936.000	19.086
3037.000	19.083
